<testsuites id="" name="" tests="1" failures="0" skipped="0" errors="0" time="14.273903999999998">
<testsuite name="Demo\retry.spec.js" timestamp="2025-05-22T07:19:50.160Z" hostname="chromium" tests="1" failures="0" skipped="0" time="5.82" errors="0">
<testcase name="Re-try Test" classname="Demo\retry.spec.js" time="5.82">
</testcase>
</testsuite>
</testsuites>